[linktr.ee/zilk.html]
[backblue.gif]
[fade.gif]
[index.html]
[assets.production.linktr.ee/cep/cep.min1b26.js]
[sdk.snapkit.com/js/v1/create.js]
[assets.production.linktr.ee/profiles/_next/static/logo-assets/favicon.png]
[assets.production.linktr.ee/profiles/_next/static/logo-assets/favicon-96x96.png]
[assets.production.linktr.ee/profiles/_next/static/logo-assets/favicon-32x32.png]
[assets.production.linktr.ee/profiles/_next/static/logo-assets/favicon-16x16.png]
[assets.production.linktr.ee/profiles/_next/static/logo-assets/apple-icon-180x180.png]
[assets.production.linktr.ee/profiles/_next/static/logo-assets/apple-icon-152x152.png]
[assets.production.linktr.ee/profiles/_next/static/logo-assets/apple-icon-144x144.png]
[assets.production.linktr.ee/profiles/_next/static/logo-assets/apple-icon-120x120.png]
[assets.production.linktr.ee/profiles/_next/static/logo-assets/apple-icon-114x114.png]
[assets.production.linktr.ee/profiles/_next/static/logo-assets/apple-icon-72x72.png]
[assets.production.linktr.ee/profiles/_next/static/logo-assets/apple-icon-76x76.png]
[assets.production.linktr.ee/profiles/_next/static/logo-assets/apple-icon-60x60.png]
[assets.production.linktr.ee/profiles/_next/static/logo-assets/apple-icon-57x57.png]
[ugc.production.linktr.ee/2c0d385b-d6fe-4a3e-90a5-06d2d2315290_7273dd07149113e0790c6019ece6ce1a-tplv-tiktokx-cropcenter-720-72042dc.jpg]
[assets.production.linktr.ee/consent-scripts/one-trust.js]
[assets.production.linktr.ee/consent-scripts/one-trust.css]
[assets.production.linktr.ee/profiles/_next/static/css/f14941bedd3564cd.css]
[assets.production.linktr.ee/profiles/_next/static/chunks/polyfills-c67a75d1b6f99dc8.js]
[assets.production.linktr.ee/profiles/_next/static/chunks/webpack-557490d22a2b85bf.js]
[assets.production.linktr.ee/profiles/_next/static/chunks/framework-ca32d4ec620501e2.js]
[assets.production.linktr.ee/profiles/_next/static/chunks/main-cea5024b8e5aa889.js]
[assets.production.linktr.ee/profiles/_next/static/chunks/pages/_app-e61c4a2c555b6270.js]
[assets.production.linktr.ee/profiles/_next/static/chunks/9139-60125e0ad069d3c0.js]
[assets.production.linktr.ee/profiles/_next/static/chunks/5083-6c500f88f0043f98.js]
[assets.production.linktr.ee/profiles/_next/static/chunks/pages/[profile]-15e0b9280691d9ea.js]
[assets.production.linktr.ee/profiles/_next/static/6ed17a81d06d05b041b69b3e2f59a1bb2cff489d/_buildManifest.js]
[assets.production.linktr.ee/profiles/_next/static/6ed17a81d06d05b041b69b3e2f59a1bb2cff489d/_ssgManifest.js]
[ugc.production.linktr.ee/1be3d36e-4a81-4ab4-860e-69fb247f4e3f_image31d8.jpg]
[linktr.ee/zilk.html]
[assets.production.linktr.ee/consent-scripts/one-trust.css]
[assets.production.linktr.ee/profiles/_next/static/css/f14941bedd3564cd.css]
